PLINK v1.90b7 64-bit (16 Jan 2023)
Options in effect:
  --bfile .\g1k_CEU_filtered
  --chr 1
  --out test
  --recode 12

Hostname: DESKTOP-AHUQQVO
Working directory: C:\Users\Mohan\Documents\GitHub\TrioGenotypes
Start time: Tue Feb 06 11:55:48 2024

Random number seed: 1707238548
16313 MB RAM detected; reserving 8156 MB for main workspace.
37113 out of 294951 variants loaded from .bim file.
171 people (84 males, 87 females) loaded from .fam.
171 phenotype values loaded from .fam.
Using 1 thread (no multithreaded calculations invoked).
Before main variant filters, 114 founders and 57 nonfounders present.
Calculating allele frequencies... done.
Total genotyping rate is exactly 1.
37113 variants and 171 people pass filters and QC.
Among remaining phenotypes, 19 are cases and 152 are controls.
--recode ped to test.ped + test.map ... done.

End time: Tue Feb 06 11:55:48 2024
